═══════════════════════════════════════════════════════
  AQI Daily Retrain
  Started : 2026-04-08 01:14:48 UTC
  Lookback: last 365 days (rolling 1-year window)
  Log     : /Users/daniellai/MSDS_2026/AQI-MLops/ml/../logs/retrain_20260408_011448.log
═══════════════════════════════════════════════════════
/Users/daniellai/MSDS_2026/AQI-MLops/.venv/lib/python3.12/site-packages/mlflow/tracking/_tracking_service/utils.py:184: FutureWarning: The filesystem tracking backend (e.g., './mlruns') is deprecated as of February 2026. Consider transitioning to a database backend (e.g., 'sqlite:///mlflow.db') to take advantage of the latest MLflow features. See https://mlflow.org/docs/latest/self-hosting/migrate-from-file-store for migration guidance.
  return FileStore(store_uri, store_uri)
2026-04-07 21:14:49 [INFO] ======================================================================
2026-04-07 21:14:49 [INFO]   AQI XGBoost Training Pipeline
2026-04-07 21:14:49 [INFO]   Config  : ml/best-config.yaml
2026-04-07 21:14:49 [INFO]   Model   : XGBoost Random Search
2026-04-07 21:14:49 [INFO]   CV F1   : 0.942471  |  Val F1 (notebook): 0.953486
2026-04-07 21:14:49 [INFO]   Lookback: last 365 days (rolling 1-year window)
2026-04-07 21:14:49 [INFO] ======================================================================
2026-04-07 21:15:10 [INFO] Loaded 849875 rows from Athena  (99 cities)  [class-6 merged: 0]
2026-04-07 21:15:11 [INFO] After feature engineering: 849479 rows  (19 features)
2026-04-07 21:15:11 [INFO] Transition rows: 55518 / 849479  (6.5%)  — sustained=51842 (5×)  single-hop=3676 (2×)
2026-04-07 21:15:11 [INFO]   Class 0 (AQI 1): 256658 rows  (30.2%)
2026-04-07 21:15:11 [INFO]   Class 1 (AQI 2): 286819 rows  (33.8%)
2026-04-07 21:15:11 [INFO]   Class 2 (AQI 3): 152860 rows  (18.0%)
2026-04-07 21:15:11 [INFO]   Class 3 (AQI 4): 68661 rows  (8.1%)
2026-04-07 21:15:11 [INFO]   Class 4 (AQI 5): 84481 rows  (9.9%)
2026-04-07 21:15:11 [INFO] Training on 849479 rows (last 365 days)
/Users/daniellai/MSDS_2026/AQI-MLops/.venv/lib/python3.12/site-packages/xgboost/training.py:200: UserWarning: [21:15:11] WARNING: /Users/runner/work/xgboost/xgboost/src/learner.cc:782: 
Parameters: { "use_label_encoder" } are not used.

  bst.update(dtrain, iteration=i, fobj=obj)
2026-04-07 21:15:29 [INFO] Training complete
2026/04/07 21:15:29 WARNING mlflow.models.model: `artifact_path` is deprecated. Please use `name` instead.
2026/04/07 21:15:31 WARNING mlflow.utils.environment: Failed to resolve installed pip version. ``pip`` will be added to conda.yaml environment spec without a version specifier.
2026/04/07 21:15:31 INFO mlflow.models.model: Found the following environment variables used during model inference: [GRAFANA_API_KEY, OWM_API_KEY]. Please check if you need to set them when deploying the model. To disable this message, set environment variable `MLFLOW_RECORD_ENV_VARS_IN_MODEL_LOGGING` to `false`.
/Users/daniellai/MSDS_2026/AQI-MLops/.venv/lib/python3.12/site-packages/mlflow/tracking/_model_registry/utils.py:220: FutureWarning: The filesystem model registry backend (e.g., './mlruns') is deprecated as of February 2026. Consider transitioning to a database backend (e.g., 'sqlite:///mlflow.db') to take advantage of the latest MLflow features. See https://mlflow.org/docs/latest/self-hosting/migrate-from-file-store for migration guidance.
  return FileStore(store_uri)
Registered model 'AQI-XGBoost' already exists. Creating a new version of this model...
Created version '11' of model 'AQI-XGBoost'.
2026-04-07 21:15:31 [INFO] Saved model artifacts to  ml/model-registry
2026-04-07 21:15:31 [INFO] ======================================================================
2026-04-07 21:15:31 [INFO]   MLflow run ID : 25e872c560b04a0e9705d92ed6a8f3d7
2026-04-07 21:15:31 [INFO]   Experiment    : AQI-Classification
2026-04-07 21:15:31 [INFO]   Registry name : AQI-XGBoost
2026-04-07 21:15:31 [INFO]   Model URI     : models:/m-b5c0aa153ce14a28b0aaf5d1256155d3
2026-04-07 21:15:31 [INFO]   Tracking URI  : file:///Users/daniellai/MSDS_2026/AQI-MLops/ml/mlruns
2026-04-07 21:15:31 [INFO]   Trained on    : 849479 rows
2026-04-07 21:15:31 [INFO] 
2026-04-07 21:15:31 [INFO]   Model files   : ml/model-registry/
2026-04-07 21:15:31 [INFO]     model.ubj  — XGBoost native model
2026-04-07 21:15:31 [INFO]     features.json — feature list for inference
2026-04-07 21:15:31 [INFO]     median.json   — NaN imputation values
2026-04-07 21:15:31 [INFO]   Run inference : python ml/predict.py
2026-04-07 21:15:31 [INFO] 
2026-04-07 21:15:31 [INFO]   Launch UI:  mlflow ui --backend-store-uri /Users/daniellai/MSDS_2026/AQI-MLops/ml/mlruns
2026-04-07 21:15:31 [INFO] ======================================================================

✓ Retrain complete — 2026-04-08 01:15:32 UTC
  New model saved to: ml/model-registry/model.ubj

  Restarting API container to load new code + model ...
  ⚠ Docker not available / container not running. Restart manually:
    cd /Users/daniellai/MSDS_2026/AQI-MLops/ml/.. && docker compose restart api
═══════════════════════════════════════════════════════
